// Jest Snapshot v1, https://goo.gl/fbAQLP

exports[`ReviewItem renders correctly 1`] = `
<li
  className="reviews__item"
>
  <div
    className="reviews__user user"
  >
    <div
      className="reviews__avatar-wrapper user__avatar-wrapper"
    >
      <img
        alt="Reviews avatar"
        className="reviews__avatar user__avatar"
        height="54"
        src="avarat.jpg"
        width="54"
      />
    </div>
    <span
      className="reviews__user-name"
    >
      Tina
    </span>
  </div>
  <div
    className="reviews__info"
  >
    <div
      className="reviews__rating rating"
    >
      <div
        className="reviews__stars rating__stars"
      >
        <span
          style={
            Object {
              "width": "100%",
            }
          }
        />
        <span
          className="visually-hidden"
        >
          Rating
        </span>
      </div>
    </div>
    <p
      className="reviews__text"
    >
      Nice place
    </p>
    <time
      className="reviews__time"
      dateTime="2019-06-10T02:34:08.739Z"
    >
      June 2019
    </time>
  </div>
</li>
`;
